[naudummy.com/muezzin/index.html]
[backblue.gif]
[fade.gif]
[index.html]
[naudummy.com/muezzin/wp-content/plugins/ingeniofy/css/animate.mind1c0.css]
[naudummy.com/muezzin/wp-content/plugins/ingeniofy/css/owl.carousel.mind1c0.css]
[naudummy.com/muezzin/wp-content/plugins/contact-form-7/includes/css/stylesfc7a.css]
[naudummy.com/muezzin/wp-content/plugins/events-manager/includes/css/events-manager.min8b28.css]
[naudummy.com/muezzin/wp-content/plugins/charitable/assets/css/charitable.mine964.css]
[naudummy.com/muezzin/wp-includes/css/dashicons.mind1c0.css]
[naudummy.com/muezzin/wp-content/themes/taqwa/assets/css/bootstrapd1c0.css]
[naudummy.com/muezzin/wp-content/themes/taqwa/assets/css/webfontsd1c0.css]
[naudummy.com/muezzin/wp-content/themes/taqwa/assets/css/themecss/wp-developerd1c0.css]
[naudummy.com/muezzin/wp-content/themes/taqwa/assets/css/themecss/fancybox.mind1c0.css]
[naudummy.com/muezzin/wp-content/themes/taqwa/assets/css/themecss/ttstylesd1c0.css]
[naudummy.com/muezzin/wp-content/themes/taqwa/styled1c0.css]
[naudummy.com/muezzin/wp-content/themes/taqwa/assets/css/themecss/responsived1c0.css]
[naudummy.com/muezzin/wp-content/plugins/ingeniofy-plus/assets/css/bootstrap.mind1c0.css]
[naudummy.com/muezzin/wp-content/plugins/ingeniofy-plus/assets/css/plus_responsived1c0.css]
[naudummy.com/muezzin/wp-content/plugins/ingeniofy-plus/assets/css/swiper-bundle.mind1c0.css]
[naudummy.com/muezzin/wp-content/plugins/elementor/assets/lib/eicons/css/elementor-icons.minf25c.css]
[naudummy.com/muezzin/wp-content/plugins/elementor/assets/css/frontend.min3dd9.css]
[naudummy.com/muezzin/wp-content/uploads/elementor/css/post-5e4b5.css]
[naudummy.com/muezzin/wp-content/uploads/elementor/css/post-23309ed1.css]
[naudummy.com/muezzin/wp-content/plugins/elementor/assets/lib/font-awesome/css/fontawesome.min52d5.css]
[naudummy.com/muezzin/wp-content/plugins/elementor/assets/lib/font-awesome/css/brands.min52d5.css]
[naudummy.com/muezzin/wp-content/plugins/charitable/assets/js/libraries/js-cookie.min6b25.js]
[naudummy.com/muezzin/wp-content/plugins/charitable/assets/js/charitable-session.mine964.js]
[naudummy.com/muezzin/wp-includes/js/jquery/jquery.minf43b.js]
[naudummy.com/muezzin/wp-includes/js/jquery/jquery-migrate.min5589.js]
[naudummy.com/muezzin/wp-includes/js/jquery/ui/core.minb37e.js]
[naudummy.com/muezzin/wp-includes/js/jquery/ui/mouse.minb37e.js]
[naudummy.com/muezzin/wp-includes/js/jquery/ui/sortable.minb37e.js]
[naudummy.com/muezzin/wp-includes/js/jquery/ui/datepicker.minb37e.js]
[naudummy.com/muezzin/wp-includes/js/jquery/ui/resizable.minb37e.js]
[naudummy.com/muezzin/wp-includes/js/jquery/ui/draggable.minb37e.js]
[naudummy.com/muezzin/wp-includes/js/jquery/ui/controlgroup.minb37e.js]
[naudummy.com/muezzin/wp-includes/js/jquery/ui/checkboxradio.minb37e.js]
[naudummy.com/muezzin/wp-includes/js/jquery/ui/button.minb37e.js]
[naudummy.com/muezzin/wp-includes/js/jquery/ui/dialog.minb37e.js]
[naudummy.com/muezzin/wp-content/plugins/events-manager/includes/js/events-manager8b28.js]
[naudummy.com/muezzin/wp-json/wp/v2/pages/2330.json]
[naudummy.com/muezzin/xmlrpc0db0.php]
[naudummy.com/muezzin/wp-json/oembed/1.0/embed55b9.json]
[naudummy.com/muezzin/wp-json/oembed/1.0/embedeca3]
[naudummy.com/muezzin/wp-json/index.html]
[naudummy.com/muezzin/wp-content/uploads/2023/12/cropped-favicon-32x32.png]
[naudummy.com/muezzin/wp-content/uploads/2023/12/cropped-favicon-192x192.png]
[naudummy.com/muezzin/wp-content/uploads/2023/12/cropped-favicon-180x180.png]
[naudummy.com/muezzin/wp-content/uploads/2024/01/logo-insignia.png]
[naudummy.com/muezzin/wp-content/themes/taqwa/assets/images/logo2.png]
[naudummy.com/muezzin/wp-content/uploads/2023/12/tq-feat-bg.jpg]
[naudummy.com/muezzin/wp-content/uploads/2023/12/tq-feat-img3.png]
[naudummy.com/muezzin/islamic/index.html]
[naudummy.com/muezzin/our-campaigns/index.html]
[naudummy.com/muezzin/wp-content/uploads/2023/12/tq-feat-img2.png]
[naudummy.com/muezzin/campaigns/educate-rural-kenya/index.html]
[naudummy.com/muezzin/upcoming-events/index.html]
[naudummy.com/muezzin/wp-content/uploads/2023/12/tq-feat-img1.png]
[naudummy.com/muezzin/islamic-scholars/index.html]
[naudummy.com/muezzin/events/intl-hajj-program-offers/index.html]
[naudummy.com/muezzin/wp-content/plugins/ingeniofy-plus/assets/images/shape1.png]
[naudummy.com/muezzin/team/sharif-hammam/index.html]
[naudummy.com/muezzin/wp-content/plugins/ingeniofy-plus/assets/images/shape2.png]
[naudummy.com/muezzin/about-us/index.html]
[naudummy.com/muezzin/online-classes/index.html]
[naudummy.com/muezzin/wp-content/uploads/2023/12/tq-vision-icon.png]
[naudummy.com/muezzin/travel-tours/index.html]
[naudummy.com/muezzin/wp-content/uploads/2023/12/tq-mission-icon.png]
[naudummy.com/muezzin/offered-services/index.html]
[naudummy.com/muezzin/services/hajj-umrah/index.html]
[naudummy.com/muezzin/wp-content/uploads/2023/12/tq-about-img.jpg]
[naudummy.com/muezzin/latest-blog/index.html]
[naudummy.com/muezzin/grid-blog-posts/index.html]
[naudummy.com/muezzin/is-islam-a-modern-philosophy/index.html]
[naudummy.com/muezzin/audios/index.html]
[naudummy.com/muezzin/wp-content/plugins/ingeniofy-plus/assets/images/tq-support-caus-bg.png]
[naudummy.com/muezzin/salat-timings/index.html]
[naudummy.com/muezzin/islamic-teachings/index.html]
[naudummy.com/muezzin/category/blog-list/index.html]
[naudummy.com/muezzin/wp-content/plugins/ingeniofy-plus/assets/images/tq-bg1.jpg]
[naudummy.com/muezzin/contact-us/index.html]
[naudummy.com/muezzin/wp-content/plugins/ingeniofy-plus/assets/images/pillar-1.png]
[naudummy.com/muezzin/services/funeral-service/index.html]
[naudummy.com/muezzin/services/quran-learning/index.html]
[naudummy.com/muezzin/wp-content/uploads/2023/12/tq-pillar-img1.jpg]
[naudummy.com/muezzin/services/mosque-development/index.html]
[naudummy.com/muezzin/wp-content/uploads/2023/12/tq-pillar-img2.jpg]
[naudummy.com/muezzin/services/help-poor/index.html]
[naudummy.com/muezzin/wp-content/uploads/2023/12/tq-pillar-img3.jpg]
[naudummy.com/muezzin/wp-content/uploads/2023/12/tq-pillar-img4.jpg]
[naudummy.com/muezzin/wp-content/uploads/2023/12/tq-pillar-img5.jpg]
[naudummy.com/muezzin/wp-content/uploads/2023/12/tq-bg3.jpg]
[naudummy.com/muezzin/wp-content/uploads/bfi_thumb/blog-2-qjvx0tty6ugm9ugfgfv9r21udupdonxsu19s3oe8lc.jpg]
[naudummy.com/muezzin/wp-content/uploads/bfi_thumb/blog-1-qjvwzbbb6gdzkgnmasawqft3xi63a7xdajfm9mn2m8.jpg]
[naudummy.com/muezzin/islamic-religious-practices-and-rituals/index.html]
[naudummy.com/muezzin/wp-content/uploads/bfi_thumb/blog-3-qjvx2jvapwtjk3ybe6onbme9la7lsos32kbtrxu96o.jpg]
[naudummy.com/muezzin/common-islamic-religious-practices-and-rituals/index.html]
[naudummy.com/muezzin/wp-content/uploads/2023/11/tq-insta-img1.jpg]
[naudummy.com/muezzin/todays-islamic-religious-practices-and-rituals/index.html]
[naudummy.com/muezzin/wp-content/uploads/2023/11/tq-insta-img2.jpg]
[naudummy.com/muezzin/wp-content/uploads/2023/11/tq-insta-img3.jpg]
[naudummy.com/muezzin/wp-content/uploads/2023/11/tq-insta-img4.jpg]
[naudummy.com/muezzin/wp-content/uploads/2023/11/tq-insta-img5.jpg]
[naudummy.com/muezzin/wp-content/uploads/2023/11/tq-insta-img6.jpg]
[naudummy.com/muezzin/wp-content/uploads/2023/11/tq-insta-img7.jpg]
[naudummy.com/muezzin/wp-content/uploads/2023/11/tq-insta-img8.jpg]
[naudummy.com/muezzin/wp-content/themes/taqwa/assets/images/tq-bg4.jpg]
[naudummy.com/muezzin/wp-content/uploads/2023/12/footer-icon.svg]
[naudummy.com/muezzin/wp-content/plugins/ingeniofy-plus/assets/js/bootstrap.min8a54.js]
[naudummy.com/muezzin/wp-content/plugins/ingeniofy-plus/assets/js/swiper-bundle.min8a54.js]
[naudummy.com/muezzin/lp-term-conditions/index.html]
[naudummy.com/muezzin/wp-content/plugins/ingeniofy-plus/assets/js/plus_scripts8a54.js]
[naudummy.com/muezzin/wp-content/plugins/ingeniofy/js/owl.carousel.min8a54.js]
[naudummy.com/muezzin/wp-content/plugins/ingeniofy/js/custom-slider8a54.js]
[naudummy.com/muezzin/wp-content/plugins/ingeniofy/js/musicplayer-min8a54.js]
[naudummy.com/muezzin/wp-includes/js/dist/hooks.min4fdd.js]
[naudummy.com/muezzin/wp-includes/js/dist/i18n.minc33c.js]
[naudummy.com/muezzin/wp-content/plugins/contact-form-7/includes/swv/js/indexfc7a.js]
[naudummy.com/muezzin/wp-content/plugins/contact-form-7/includes/js/indexfc7a.js]
[naudummy.com/muezzin/wp-content/plugins/charitable/assets/js/charitable-frontend.mine964.js]
[naudummy.com/muezzin/wp-includes/js/comment-reply.mind1c0.js]
[naudummy.com/muezzin/wp-content/themes/taqwa/assets/js/bootstrap.min8a54.js]
[naudummy.com/muezzin/wp-content/themes/taqwa/assets/js/themejs/fancybox.min8a54.js]
[naudummy.com/muezzin/wp-content/themes/taqwa/assets/js/themejs/perfect-scrollbar.min8a54.js]
[naudummy.com/muezzin/wp-content/themes/taqwa/assets/js/themejs/custom-scripts8a54.js]
[naudummy.com/muezzin/wp-content/plugins/gtranslate/js/floatd1c0.js]
[naudummy.com/muezzin/wp-content/plugins/elementor/assets/js/webpack.runtime.min3dd9.js]
[naudummy.com/muezzin/wp-content/plugins/elementor/assets/js/frontend-modules.min3dd9.js]
[naudummy.com/muezzin/wp-content/plugins/elementor/assets/js/frontend.min3dd9.js]
[naudummy.com/muezzin/index.html]
[naudummy.com/muezzin/wp-content/plugins/ingeniofy/css/animate.mind1c0.css]
[naudummy.com/muezzin/wp-content/plugins/ingeniofy/css/owl.video.play.png]
[naudummy.com/muezzin/wp-content/plugins/ingeniofy/css/owl.carousel.mind1c0.css]
[naudummy.com/muezzin/wp-content/plugins/contact-form-7/includes/css/stylesfc7a.css]
[naudummy.com/muezzin/wp-content/plugins/events-manager/includes/external/intl-tel-input/img/flags.webp]
[naudummy.com/muezzin/wp-content/plugins/events-manager/includes/external/intl-tel-input/img/flags@2x.webp]
[naudummy.com/muezzin/wp-content/plugins/events-manager/includes/external/intl-tel-input/img/globe.webp]
[naudummy.com/muezzin/wp-content/plugins/events-manager/includes/external/intl-tel-input/img/globe@2x.webp]
[naudummy.com/muezzin/wp-content/plugins/events-manager/includes/img/flags.webp]
[naudummy.com/muezzin/wp-content/plugins/events-manager/includes/img/flags@2x.webp]
[naudummy.com/muezzin/wp-content/plugins/events-manager/includes/img/globe.webp]
[naudummy.com/muezzin/wp-content/plugins/events-manager/includes/img/globe@2x.webp]
[naudummy.com/muezzin/wp-content/plugins/events-manager/includes/css/events-manager.min8b28.css]
[naudummy.com/muezzin/wp-content/plugins/charitable/assets/css/charitable.mine964.css]
[naudummy.com/muezzin/wp-includes/fonts/dashicons7d4b.eot]
[naudummy.com/muezzin/wp-includes/fonts/dashicons7d4b.ttf]
[naudummy.com/muezzin/wp-includes/css/dashicons.mind1c0.css]
[naudummy.com/muezzin/wp-content/themes/taqwa/assets/css/bootstrapd1c0.css]
[naudummy.com/muezzin/wp-content/themes/taqwa/assets/css/fonts/fa-brands-400.eot]
[naudummy.com/muezzin/wp-content/themes/taqwa/assets/css/fonts/fa-brands-400d41d.eot]
[naudummy.com/muezzin/wp-content/themes/taqwa/assets/css/fonts/fa-brands-400.woff2]
[naudummy.com/muezzin/wp-content/themes/taqwa/assets/css/fonts/fa-brands-400.woff]
[naudummy.com/muezzin/wp-content/themes/taqwa/assets/css/fonts/fa-brands-400.ttf]
[naudummy.com/muezzin/wp-content/themes/taqwa/assets/css/fonts/fa-brands-400.svg]
[naudummy.com/muezzin/wp-content/themes/taqwa/assets/css/fonts/fa-regular-400.eot]
[naudummy.com/muezzin/wp-content/themes/taqwa/assets/css/fonts/fa-regular-400d41d.eot]
[naudummy.com/muezzin/wp-content/themes/taqwa/assets/css/fonts/fa-regular-400.woff2]
[naudummy.com/muezzin/wp-content/themes/taqwa/assets/css/fonts/fa-regular-400.woff]
[naudummy.com/muezzin/wp-content/themes/taqwa/assets/css/fonts/fa-regular-400.ttf]
[naudummy.com/muezzin/wp-content/themes/taqwa/assets/css/fonts/fa-regular-400.svg]
[naudummy.com/muezzin/wp-content/themes/taqwa/assets/css/fonts/fa-solid-900.eot]
[naudummy.com/muezzin/wp-content/themes/taqwa/assets/css/fonts/fa-solid-900d41d.eot]
[naudummy.com/muezzin/wp-content/themes/taqwa/assets/css/fonts/fa-solid-900.woff2]
[naudummy.com/muezzin/wp-content/themes/taqwa/assets/css/fonts/fa-solid-900.woff]
[naudummy.com/muezzin/wp-content/themes/taqwa/assets/css/fonts/fa-solid-900.ttf]
[naudummy.com/muezzin/wp-content/themes/taqwa/assets/css/fonts/fa-solid-900.svg]
[naudummy.com/muezzin/wp-content/themes/taqwa/assets/css/fonts/Flaticon.eot]
[naudummy.com/muezzin/wp-content/themes/taqwa/assets/css/fonts/Flaticond41d.eot]
[naudummy.com/muezzin/wp-content/themes/taqwa/assets/css/fonts/Flaticon.woff]
[naudummy.com/muezzin/wp-content/themes/taqwa/assets/css/fonts/Flaticon.ttf]
[naudummy.com/muezzin/wp-content/themes/taqwa/assets/css/fonts/Flaticon.svg]
[naudummy.com/muezzin/wp-content/themes/taqwa/assets/css/fonts/fontawesome-webfont5b62.eot]
[naudummy.com/muezzin/wp-content/themes/taqwa/assets/css/fonts/fontawesome-webfontd41d.eot]
[naudummy.com/muezzin/wp-content/themes/taqwa/assets/css/fonts/fontawesome-webfont5b62.woff2]
[naudummy.com/muezzin/wp-content/themes/taqwa/assets/css/fonts/fontawesome-webfont5b62.woff]
[naudummy.com/muezzin/wp-content/themes/taqwa/assets/css/fonts/fontawesome-webfont5b62.ttf]
[naudummy.com/muezzin/wp-content/themes/taqwa/assets/css/fonts/fontawesome-webfont5b62.svg]
[naudummy.com/muezzin/wp-content/themes/taqwa/assets/css/webfontsd1c0.css]
[naudummy.com/muezzin/wp-content/themes/taqwa/assets/css/themecss/wp-developerd1c0.css]
[naudummy.com/muezzin/wp-content/themes/taqwa/assets/css/themecss/fancybox.mind1c0.css]
[naudummy.com/muezzin/wp-content/themes/taqwa/assets/css/themecss/ttstylesd1c0.css]
[naudummy.com/muezzin/wp-content/themes/taqwa/assets/images/hdr-shp.png]
[naudummy.com/muezzin/wp-content/themes/taqwa/assets/images/prayer-head-shp.png]
[naudummy.com/muezzin/wp-content/themes/taqwa/assets/images/pilr-shp.png]
[naudummy.com/muezzin/wp-content/themes/taqwa/assets/images/pattern.jpg]
[naudummy.com/muezzin/wp-content/themes/images/tq-pattern.8e.delayed]
[naudummy.com/muezzin/wp-content/themes/taqwa/styled1c0.css]
[naudummy.com/muezzin/wp-content/themes/taqwa/assets/css/themecss/responsived1c0.css]
[naudummy.com/muezzin/wp-content/plugins/ingeniofy-plus/assets/css/bootstrap.mind1c0.css]
[naudummy.com/muezzin/wp-content/plugins/ingeniofy-plus/assets/css/plus_styled1c0.css]
[naudummy.com/muezzin/wp-content/plugins/ingeniofy-plus/assets/css/plus_responsived1c0.css]
[naudummy.com/muezzin/wp-content/plugins/ingeniofy-plus/assets/css/swiper-bundle.mind1c0.css]
[naudummy.com/muezzin/wp-content/plugins/elementor/assets/lib/eicons/fonts/eicons6feb.woff2]
[naudummy.com/muezzin/wp-content/plugins/elementor/assets/lib/eicons/fonts/eicons6feb.eot]
[naudummy.com/muezzin/wp-content/plugins/elementor/assets/lib/eicons/fonts/eicons6feb.woff]
[naudummy.com/muezzin/wp-content/plugins/elementor/assets/lib/eicons/fonts/eicons6feb.ttf]
[naudummy.com/muezzin/wp-content/plugins/elementor/assets/lib/eicons/css/elementor-icons.minf25c.css]
[naudummy.com/muezzin/wp-content/plugins/elementor/assets/css/frontend.min3dd9.css]
[naudummy.com/muezzin/wp-content/uploads/elementor/css/post-5e4b5.css]
[naudummy.com/muezzin/wp-content/uploads/elementor/css/post-23309ed1.css]
[naudummy.com/muezzin/wp-content/plugins/elementor/assets/lib/font-awesome/css/fontawesome.min52d5.css]
[naudummy.com/muezzin/wp-content/plugins/elementor/assets/lib/eicons/fonts/eicons6feb.svg]
[naudummy.com/muezzin/wp-content/plugins/elementor/assets/lib/font-awesome/webfonts/fa-brands-400.eot]
[naudummy.com/muezzin/wp-content/plugins/elementor/assets/lib/font-awesome/webfonts/fa-brands-400d41d.eot]
[naudummy.com/muezzin/wp-content/plugins/elementor/assets/lib/font-awesome/webfonts/fa-brands-400.woff2]
[naudummy.com/muezzin/wp-content/plugins/elementor/assets/lib/font-awesome/webfonts/fa-brands-400.woff]
[naudummy.com/muezzin/wp-content/plugins/elementor/assets/lib/font-awesome/webfonts/fa-brands-400.ttf]
[naudummy.com/muezzin/wp-content/plugins/elementor/assets/lib/font-awesome/css/brands.min52d5.css]
[naudummy.com/muezzin/wp-content/plugins/charitable/assets/js/libraries/js-cookie.min6b25.js]
[naudummy.com/muezzin/wp-content/plugins/elementor/assets/lib/font-awesome/webfonts/fa-brands-400.svg]
[naudummy.com/muezzin/POST]
[naudummy.com/muezzin/wp-content/plugins/charitable/assets/js/charitable-session.mine964.js]
[naudummy.com/muezzin/wp-includes/js/jquery/jquery.minf43b.js]
[naudummy.com/muezzin/wp-includes/js/jquery/jquery-migrate.min5589.js]
[naudummy.com/muezzin/wp-includes/js/jquery/ui/core.minb37e.js]
[naudummy.com/muezzin/wp-includes/js/jquery/ui/mouse.minb37e.js]
[naudummy.com/muezzin/wp-includes/js/jquery/ui/sortable.minb37e.js]
[naudummy.com/muezzin/wp-includes/js/jquery/ui/datepicker.minb37e.js]
[naudummy.com/muezzin/wp-includes/js/jquery/ui/resizable.minb37e.js]
[naudummy.com/muezzin/wp-includes/js/jquery/ui/draggable.minb37e.js]
[naudummy.com/muezzin/wp-includes/js/jquery/ui/controlgroup.minb37e.js]
[naudummy.com/muezzin/wp-includes/js/jquery/ui/checkboxradio.minb37e.js]
[naudummy.com/muezzin/wp-includes/js/jquery/ui/button.minb37e.js]
[naudummy.com/muezzin/wp-includes/js/jquery/ui/dialog.minb37e.js]
[naudummy.com/muezzin/el.href]
[naudummy.com/muezzin/last.href]
[naudummy.com/muezzin/href, window.location.origin]
[naudummy.com/muezzin/search-mag.png]
[naudummy.com/muezzin/search-loading.gif]
[naudummy.com/muezzin/url, window.location.origin]
[naudummy.com/muezzin/wp-content/plugins/events-manager/includes/js/events-manager8b28.js]
[naudummy.com/muezzin/wp-content/uploads/elementor/css/post-2693d724.css]
[naudummy.com/muezzin/wp-json/wp/v2/pages/2693.json]
[naudummy.com/muezzin/wp-json/oembed/1.0/embede1d8.json]
[naudummy.com/muezzin/wp-json/oembed/1.0/embedca93]
[naudummy.com/muezzin/wp-content/uploads/2023/11/tq-pattern2.png]
[naudummy.com/muezzin/wp-content/uploads/2023/11/tq-feat-img2-2.jpg]
[naudummy.com/muezzin/wp-content/uploads/2023/11/tq-feat-img2-1.jpg]
[naudummy.com/muezzin/wp-content/uploads/2021/02/surah-fateh-1.mp3]
[naudummy.com/muezzin/wp-content/uploads/2023/12/course-1.jpg]
[naudummy.com/muezzin/wp-content/uploads/2023/12/course-2.jpg]
[naudummy.com/muezzin/wp-content/uploads/2023/12/course-3.jpg]
[naudummy.com/muezzin/wp-content/uploads/2023/12/course-4.jpg]
[naudummy.com/muezzin/wp-content/uploads/2020/01/blog-3.jpg]
[naudummy.com/muezzin/wp-content/uploads/2020/01/blog-2.jpg]
[naudummy.com/muezzin/wp-content/uploads/2023/12/tq-about-img2.jpg]
[naudummy.com/muezzin/islamic/Array]
[naudummy.com/muezzin/wp-content/plugins/ingeniofy-plus/assets/images/tq-pattern3.png]
[naudummy.com/muezzin/wp-content/uploads/2023/11/tq-upcoming-img.png]
[naudummy.com/muezzin/wp-content/plugins/ingeniofy-plus/assets/images/tq-bg5.jpg]
[naudummy.com/muezzin/islamic/Download PDF]
[naudummy.com/muezzin/wp-content/uploads/2023/12/tq-service-img2.png]
[naudummy.com/muezzin/wp-content/plugins/ingeniofy-plus/assets/images/tq-pattern4.png]
[naudummy.com/muezzin/wp-content/uploads/2018/12/tq-team-img1.png]
[naudummy.com/muezzin/services/quran-studies/index.html]
[naudummy.com/muezzin/wp-content/uploads/2018/12/tq-team-img2.png]
[naudummy.com/muezzin/services/islamic-values/index.html]
[naudummy.com/muezzin/wp-content/uploads/2018/12/tq-team-img3.png]
[naudummy.com/muezzin/services/donation-help/index.html]
[naudummy.com/muezzin/team/sheikh-makhtom/index.html]
[naudummy.com/muezzin/wp-content/uploads/2018/12/tq-team-img4.png]
[naudummy.com/muezzin/team/nasira-sheikh/index.html]
[naudummy.com/muezzin/wp-content/uploads/2023/12/tq-bg5.jpg]
[naudummy.com/muezzin/team/ali-hammam/index.html]
[naudummy.com/muezzin/wp-content/uploads/bfi_thumb/blog-3-qjvx2jvdee4o9uotauysm7cn6i9mjyajc8j3np56z4.jpg]
[naudummy.com/muezzin/team/ramini-rom/index.html]
[naudummy.com/muezzin/ulama-sermons-with-audio/index.html]
[naudummy.com/muezzin/wp-content/uploads/bfi_thumb/blog-2-qjvx0tu0vbrqzl6xd45f1n07z2refxg93ph1zfp6ds.jpg]
[naudummy.com/muezzin/help-needed-for-poor/index.html]
[naudummy.com/muezzin/wp-content/uploads/2023/12/tq-feat-img2-2.jpg]
[naudummy.com/muezzin/wp-content/themes/taqwa/assets/images/tq-bg7.jpg]
[naudummy.com/muezzin/islamic/index.html]
[naudummy.com/muezzin/wp-content/uploads/elementor/css/post-103b050.css]
[naudummy.com/muezzin/wp-json/wp/v2/pages/103.json]
[naudummy.com/muezzin/wp-json/oembed/1.0/embed5ad8.json]
[naudummy.com/muezzin/wp-json/oembed/1.0/embed4163]
[naudummy.com/muezzin/wp-content/uploads/2023/12/course-3-370x285.jpg]
[naudummy.com/muezzin/wp-content/uploads/2020/01/blog-2-370x285.jpg]
[naudummy.com/muezzin/wp-content/uploads/2023/12/course-4-370x285.jpg]
[naudummy.com/muezzin/wp-content/uploads/2023/12/course-2-370x285.jpg]
[naudummy.com/muezzin/wp-content/uploads/2020/01/blog-1-370x285.jpg]
[naudummy.com/muezzin/wp-content/uploads/2020/01/blog-3-370x285.jpg]
[naudummy.com/muezzin/our-campaigns/index.html]
[naudummy.com/muezzin/campaigns/houses-for-homeless/index.html]
[naudummy.com/muezzin/campaigns/nurture-low-resource/index.html]
[naudummy.com/muezzin/campaigns/california-wildfire-fund/index.html]
[naudummy.com/muezzin/campaigns/health-care-support/index.html]
[naudummy.com/muezzin/wp-includes/css/dist/block-library/style.mind1c0.css]
[naudummy.com/muezzin/campaigns/give-shelter-homes/index.html]
[naudummy.com/muezzin/wp-json/oembed/1.0/embed1508.json]
[naudummy.com/muezzin/wp-json/oembed/1.0/embed4657]
[naudummy.com/muezzin/wp-content/uploads/2023/12/course-3-870x400.jpg]
[naudummy.com/muezzin/wp-content/uploads/2020/01/tq-recent-post-img3-300x234.jpg]
[naudummy.com/muezzin/campaigns/educate-rural-kenya/donate/index.html]
[naudummy.com/muezzin/wp-content/uploads/2018/12/tq-team-img3-100x100.png]
[naudummy.com/muezzin/2020/01/16/index.html]
[naudummy.com/muezzin/wp-content/uploads/2018/12/tq-team-img3-85x85.png]
[naudummy.com/muezzin/campaign_tag/campaigns/index.html]
[naudummy.com/muezzin/wp-content/uploads/2018/12/tq-team-img2-85x85.png]
[naudummy.com/muezzin/campaign_tag/help/index.html]
[naudummy.com/muezzin/wp-content/uploads/2020/01/blog-2-150x150.jpg]
[naudummy.com/muezzin/campaign_tag/donation/index.html]
[naudummy.com/muezzin/wp-content/uploads/2020/01/blog-3-150x150.jpg]
[naudummy.com/muezzin/author/ingenio/index.html]
[naudummy.com/muezzin/wp-content/uploads/2020/01/blog-1-150x150.jpg]
[naudummy.com/muezzin/wp-content/uploads/2023/12/course-4-270x170.jpg]
[naudummy.com/muezzin/wp-content/uploads/2020/01/blog-2-270x170.jpg]
[naudummy.com/muezzin/campaigns/free-food-for-poor/index.html]
[naudummy.com/muezzin/wp-content/uploads/2020/01/blog-1-270x170.jpg]
[naudummy.com/muezzin/campaigns/educate-rural-kenya/index.html]
[naudummy.com/muezzin/wp-content/uploads/elementor/css/post-79b9ed.css]
[naudummy.com/muezzin/wp-json/oembed/1.0/embed3a66.json]
[naudummy.com/muezzin/wp-json/wp/v2/pages/79.json]
[naudummy.com/muezzin/wp-json/oembed/1.0/embedcbb3]
[naudummy.com/muezzin/wp-content/uploads/bfi_thumb/course-4-qjvx6ods86ycxsaqotc3p7r93aykt1o2cae5g1iepy.jpg]
[naudummy.com/muezzin/wp-content/uploads/bfi_thumb/course-1-qjvx449lmfg9c00jmpinwv02vjklupidbmgkexaznq.jpg]
[naudummy.com/muezzin/events/importance-of-namaz/index.html]
[naudummy.com/muezzin/wp-content/uploads/bfi_thumb/blog-3-qjvx2jva8db1zeags151r98f8fal0vah3vbfmbmm12.jpg]
[naudummy.com/muezzin/events/islamic-teachings/index.html]
[naudummy.com/muezzin/wp-content/uploads/bfi_thumb/blog-2-qjvx0ttxpay4p4skuabo6ow00zscwug6vc9dy26lfq.jpg]
[naudummy.com/muezzin/events/annual-conference-ost/index.html]
[naudummy.com/muezzin/wp-content/uploads/bfi_thumb/event-detail-qjvxacx0ztzsesy86wmhysb8umtbyda7uidm421wcm.jpg]
[naudummy.com/muezzin/events/world-scholars-meetup/index.html]
[naudummy.com/muezzin/wp-content/uploads/bfi_thumb/course-2-qjvx4ycfp4lfnisur2iq4netvvgcp0ts3rc3rs2e4m.jpg]
[naudummy.com/muezzin/wp-content/themes/taqwa/assets/js/themejs/downCount8a54.js]
[naudummy.com/muezzin/upcoming-events/index.html]
[naudummy.com/muezzin/wp-json/oembed/1.0/embed7a17.json]
[naudummy.com/muezzin/wp-json/oembed/1.0/embed7d43]
[naudummy.com/muezzin/events/learn-islam-inside-out/index.html]
[naudummy.com/muezzin/wp-content/uploads/2018/12/event-detail.jpg]
[naudummy.com/muezzin/events/intl-hajj-program-offers/index.html]
[naudummy.com/muezzin/wp-content/uploads/elementor/css/post-968a02.css]
[naudummy.com/muezzin/wp-json/oembed/1.0/embed7814.json]
[naudummy.com/muezzin/wp-json/wp/v2/pages/96.json]
[naudummy.com/muezzin/islamic-scholars/index.html]
[naudummy.com/muezzin/wp-json/oembed/1.0/embed5071]
[naudummy.com/muezzin/team/nasir-jamil/index.html]
[naudummy.com/muezzin/team/ismail-hanam/index.html]
[naudummy.com/muezzin/wp-json/oembed/1.0/embed343e.json]
[naudummy.com/muezzin/team/sheikh-makdoom/index.html]
[naudummy.com/muezzin/wp-json/oembed/1.0/embed8130]
[naudummy.com/muezzin/team/sharif-hammam/index.html]
[naudummy.com/muezzin/wp-content/uploads/elementor/css/post-962a9fa.css]
[naudummy.com/muezzin/wp-json/wp/v2/pages/962.json]
[naudummy.com/muezzin/wp-json/oembed/1.0/embed2527.json]
[naudummy.com/muezzin/wp-json/oembed/1.0/embed8308]
[naudummy.com/muezzin/about-us/index.html]
[naudummy.com/muezzin/wp-content/uploads/elementor/css/post-3358ad2d.css]
[naudummy.com/muezzin/wp-json/wp/v2/pages/3358.json]
[naudummy.com/muezzin/wp-json/oembed/1.0/embed5a9d.json]
[naudummy.com/muezzin/wp-json/oembed/1.0/embed3c60]
[naudummy.com/muezzin/online-classes/Array]
[naudummy.com/muezzin/online-classes/index.html]
[naudummy.com/muezzin/wp-json/wp/v2/pages/3367.json]
[naudummy.com/muezzin/wp-json/oembed/1.0/embedd310.json]
[naudummy.com/muezzin/travel-tours/index.html]
[naudummy.com/muezzin/wp-json/oembed/1.0/embed6eb5]
[naudummy.com/muezzin/wp-content/uploads/elementor/css/post-1081276.css]
[naudummy.com/muezzin/wp-json/wp/v2/pages/108.json]
[naudummy.com/muezzin/wp-json/oembed/1.0/embed4f89.json]
[naudummy.com/muezzin/offered-services/index.html]
[naudummy.com/muezzin/wp-json/oembed/1.0/embedc1b8]
[naudummy.com/muezzin/wp-json/oembed/1.0/embedcf93.json]
[naudummy.com/muezzin/wp-json/oembed/1.0/embedf501]
[naudummy.com/muezzin/wp-content/uploads/2023/12/tq-service-img2-274x300.png]
[naudummy.com/muezzin/services/hajj-umrah/index.html]
[naudummy.com/muezzin/wp-content/uploads/elementor/css/post-5252ef.css]
[naudummy.com/muezzin/wp-json/wp/v2/pages/52.json]
[naudummy.com/muezzin/wp-json/oembed/1.0/embed7d36.json]
[naudummy.com/muezzin/wp-json/oembed/1.0/embed8904]
[naudummy.com/muezzin/wp-content/uploads/bfi_thumb/blog-1-qjvwzbbduxp4a7e47gl210rhiq841hftk7mw5dy0eo.jpg]
[naudummy.com/muezzin/latest-blog/index.html]
[naudummy.com/muezzin/wp-json/wp/v2/pages/55.json]
[naudummy.com/muezzin/wp-json/oembed/1.0/embed3bb8.json]
[naudummy.com/muezzin/wp-json/oembed/1.0/embeda61e]
[naudummy.com/muezzin/wp-content/uploads/bfi_thumb/course-4-qjvx6odspqguihylayvp9kx3g5vlkv5oazejlnq1vk.jpg]
[naudummy.com/muezzin/grid-blog-posts/index.html]
[naudummy.com/muezzin/category/services/index.html]
[naudummy.com/muezzin/wp-json/wp/v2/posts/226.json]
[naudummy.com/muezzin/wp-json/oembed/1.0/embed3b23.json]
[naudummy.com/muezzin/wp-json/oembed/1.0/embed4182]
[naudummy.com/muezzin/is-islam-a-modern-philosophy/index.html]
[naudummy.com/muezzin/2023/03/02/index.html]
[naudummy.com/muezzin/tag/hajj/index.html]
[naudummy.com/muezzin/tag/zakat/index.html]
[naudummy.com/muezzin/tag/islam/index.html]
[naudummy.com/muezzin/wp-content/uploads/elementor/css/post-211235a5.css]
[naudummy.com/muezzin/wp-json/wp/v2/pages/2112.json]
[naudummy.com/muezzin/wp-json/oembed/1.0/embeddcaa.json]
[naudummy.com/muezzin/audios/index.html]
[naudummy.com/muezzin/wp-json/oembed/1.0/embed0803]
[naudummy.com/muezzin/wp-content/uploads/elementor/css/post-341635a5.css]
[naudummy.com/muezzin/wp-json/wp/v2/pages/3416.json]
[naudummy.com/muezzin/wp-json/oembed/1.0/embed94fe.json]
[naudummy.com/muezzin/wp-json/oembed/1.0/embed8985]
[naudummy.com/muezzin/salat-timings/Array]
[naudummy.com/muezzin/salat-timings/index.html]
[naudummy.com/muezzin/wp-content/uploads/elementor/css/post-12821dc.css]
[naudummy.com/muezzin/wp-json/wp/v2/pages/128.json]
[naudummy.com/muezzin/wp-json/oembed/1.0/embedf8ca.json]
[naudummy.com/muezzin/wp-json/oembed/1.0/embede69e]
[naudummy.com/muezzin/islamic-teachings/Download PDF]
[naudummy.com/muezzin/islamic-teachings/index.html]
[naudummy.com/muezzin/wp-json/wp/v2/categories/16.json]
[naudummy.com/muezzin/category/blog-list/page/2/index.html]
[naudummy.com/muezzin/2023/10/10/index.html]
[naudummy.com/muezzin/wp-content/uploads/2020/01/blog-1.jpg]
[naudummy.com/muezzin/category/blog-list/index.html]
[naudummy.com/muezzin/2023/08/06/index.html]
[naudummy.com/muezzin/2023/09/08/index.html]
[naudummy.com/muezzin/wp-content/uploads/elementor/css/post-1151289.css]
[naudummy.com/muezzin/wp-json/wp/v2/pages/115.json]
[naudummy.com/muezzin/wp-json/oembed/1.0/embed7797.json]
[naudummy.com/muezzin/wp-json/oembed/1.0/embed211b]
[naudummy.com/muezzin/wp-content/uploads/2023/12/Untitled-1.png]
[naudummy.com/muezzin/contact-us/index.html]
[naudummy.com/muezzin/wp-json/oembed/1.0/embedb059.json]
[naudummy.com/muezzin/wp-json/oembed/1.0/embed4289]
[naudummy.com/muezzin/wp-content/uploads/2023/12/course-2-870x400.jpg]
[naudummy.com/muezzin/services/quran-learning/index.html]
[naudummy.com/muezzin/wp-json/oembed/1.0/embede49c.json]
[naudummy.com/muezzin/wp-json/oembed/1.0/embed4d4f]
[naudummy.com/muezzin/services/funeral-service/index.html]
[naudummy.com/muezzin/wp-json/oembed/1.0/embed7c38.json]
[naudummy.com/muezzin/services/mosque-development/index.html]
[naudummy.com/muezzin/wp-json/oembed/1.0/embedd45b]
[naudummy.com/muezzin/wp-json/oembed/1.0/embedd18e.json]
[naudummy.com/muezzin/services/help-poor/index.html]
[naudummy.com/muezzin/wp-json/oembed/1.0/embede4b4]
[naudummy.com/muezzin/wp-json/wp/v2/posts/68.json]
[naudummy.com/muezzin/wp-json/oembed/1.0/embeda4e3.json]
[naudummy.com/muezzin/wp-json/oembed/1.0/embed9767]
[naudummy.com/muezzin/islamic-religious-practices-and-rituals/index.html]
[naudummy.com/muezzin/tag/namaz/index.html]
[naudummy.com/muezzin/tag/roza/index.html]
[naudummy.com/muezzin/wp-json/wp/v2/posts/64.json]
[naudummy.com/muezzin/wp-json/oembed/1.0/embed93b2.json]
[naudummy.com/muezzin/common-islamic-religious-practices-and-rituals/index.html]
[naudummy.com/muezzin/wp-json/oembed/1.0/embed6a70]
[naudummy.com/muezzin/wp-json/wp/v2/posts/225.json]
[naudummy.com/muezzin/tag/tauheed/index.html]
[naudummy.com/muezzin/wp-json/oembed/1.0/embed4e1b.json]
[naudummy.com/muezzin/todays-islamic-religious-practices-and-rituals/index.html]
[naudummy.com/muezzin/wp-content/uploads/2023/12/footer-icon.svg]
[naudummy.com/muezzin/wp-json/oembed/1.0/embed1d88]
[naudummy.com/muezzin/wp-json/wp/v2/pages/2740.json]
[naudummy.com/muezzin/wp-json/oembed/1.0/embed4d5c.json]
[naudummy.com/muezzin/lp-term-conditions/index.html]
[naudummy.com/muezzin/wp-content/plugins/ingeniofy-plus/assets/js/bootstrap.min8a54.js]
[naudummy.com/muezzin/wp-json/oembed/1.0/embed59d0]
[naudummy.com/muezzin/Version/index.html]
[naudummy.com/muezzin/events/index.html]
[naudummy.com/muezzin/t.params.url]
[naudummy.com/muezzin/wp-content/plugins/ingeniofy-plus/assets/js/swiper-bundle.min8a54.js]
[naudummy.com/muezzin/wp-content/plugins/ingeniofy-plus/assets/js/plus_scripts8a54.js]
[naudummy.com/muezzin/wp-content/plugins/ingeniofy/js/owl.carousel.min8a54.js]
[naudummy.com/muezzin/wp-content/plugins/ingeniofy/js/custom-slider8a54.js]
[naudummy.com/muezzin/wp-content/plugins/ingeniofy/js/musicplayer-min8a54.js]
[naudummy.com/muezzin/wp-includes/js/dist/hooks.min4fdd.js]
[naudummy.com/muezzin/wp-includes/js/dist/i18n.minc33c.js]
[naudummy.com/muezzin/wp-content/plugins/contact-form-7/includes/swv/js/indexfc7a.js]
[naudummy.com/muezzin/wp-content/plugins/contact-form-7/includes/js/indexfc7a.js]
[naudummy.com/muezzin/wp-content/plugins/charitable/assets/js/charitable-frontend.mine964.js]
[naudummy.com/muezzin/wp-includes/js/comment-reply.mind1c0.js]
[naudummy.com/muezzin/events/tags/index.html]
[naudummy.com/muezzin/popper.js]
[naudummy.com/muezzin/wp-content/themes/taqwa/assets/js/bootstrap.min8a54.js]
[naudummy.com/muezzin/wp-content/themes/taqwa/assets/js/themejs/fancybox.min8a54.js]
[naudummy.com/muezzin/wp-content/themes/taqwa/assets/js/themejs/perfect-scrollbar.min8a54.js]
[naudummy.com/muezzin/wp-content/themes/taqwa/assets/js/themejs/custom-scripts8a54.js]
[translate.google.com/translate_a/element7876.js]
[naudummy.com/muezzin/wp-content/plugins/gtranslate/js/floatd1c0.js]
[naudummy.com/muezzin/wp-content/plugins/elementor/assets/js/webpack.runtime.min3dd9.js]
[naudummy.com/muezzin/wp-content/plugins/elementor/assets/js/frontend-modules.min3dd9.js]
[naudummy.com/muezzin/-negative.svg]
[naudummy.com/muezzin/wp-content/plugins/elementor/assets/js/frontend.min3dd9.js]
[naudummy.com/muezzin/wp-content/plugins/ingeniofy/css/owl.video.play.html]
[naudummy.com/muezzin/wp-content/plugins/events-manager/includes/img/flags.html]
[naudummy.com/muezzin/wp-content/plugins/events-manager/includes/img/flags@2x.html]
[naudummy.com/muezzin/wp-content/plugins/events-manager/includes/img/globe.html]
[naudummy.com/muezzin/wp-content/plugins/events-manager/includes/img/globe@2x.html]
[naudummy.com/muezzin/wp-content/themes/taqwa/assets/css/fonts/fa-brands-400.svg]
[naudummy.com/muezzin/wp-content/themes/taqwa/assets/css/fonts/fa-regular-400.svg]
[naudummy.com/muezzin/wp-content/themes/taqwa/assets/css/fonts/fa-solid-900.svg]
[naudummy.com/muezzin/wp-content/themes/taqwa/assets/css/fonts/Flaticon.svg]
[naudummy.com/muezzin/wp-content/themes/taqwa/assets/css/fonts/fontawesome-webfont5b62.html]
[naudummy.com/muezzin/wp-content/themes/taqwa/assets/css/fonts/fontawesome-webfontd41d.html]
[naudummy.com/muezzin/wp-content/themes/taqwa/assets/css/fonts/fontawesome-webfont5b62-2.html]
[naudummy.com/muezzin/wp-content/themes/images/tq-pattern.html]
[naudummy.com/muezzin/OPR/index.html]
[naudummy.com/muezzin/wp-content/plugins/elementor/assets/lib/eicons/fonts/eicons6feb.svg]
[naudummy.com/muezzin/wp-content/plugins/elementor/assets/lib/font-awesome/webfonts/fa-brands-400.svg]
[naudummy.com/muezzin/POST.html]
[naudummy.com/muezzin/el.html]
[naudummy.com/muezzin/last.html]
[naudummy.com/muezzin/href, window.location.html]
[naudummy.com/muezzin/search-mag.html]
[naudummy.com/muezzin/search-loading.html]
[naudummy.com/muezzin/url, window.location.html]
[naudummy.com/muezzin/wp-content/uploads/elementor/css/post-2693d724.css]
[naudummy.com/muezzin/index091e.html]
[naudummy.com/muezzin/islamic/Array.html]
[naudummy.com/muezzin/islamic/Download PDF.html]
[naudummy.com/muezzin/wp-json/oembed/1.0/embedb3a5.json]
[naudummy.com/muezzin/wp-json/oembed/1.0/embed5a09]
[naudummy.com/muezzin/wp-content/uploads/2020/01/blog-2-870x400.jpg]
[naudummy.com/muezzin/services/quran-studies/index.html]
[naudummy.com/muezzin/wp-json/oembed/1.0/embedcc73.json]
[naudummy.com/muezzin/wp-json/oembed/1.0/embed0a2e]
[naudummy.com/muezzin/wp-content/uploads/2020/01/blog-1-870x400.jpg]
[naudummy.com/muezzin/services/islamic-values/index.html]
[naudummy.com/muezzin/wp-json/oembed/1.0/embeda009.json]
[naudummy.com/muezzin/wp-json/oembed/1.0/embed0bd4]
[naudummy.com/muezzin/wp-content/uploads/2023/12/course-4-870x400.jpg]
[naudummy.com/muezzin/services/donation-help/index.html]
[naudummy.com/muezzin/wp-json/oembed/1.0/embed63f8.json]
[naudummy.com/muezzin/team/sheikh-makhtom/index.html]
[naudummy.com/muezzin/wp-json/oembed/1.0/embed9c13]
[naudummy.com/muezzin/wp-json/oembed/1.0/embed674f.json]
[naudummy.com/muezzin/team/ali-hammam/index.html]
[naudummy.com/muezzin/wp-json/oembed/1.0/embedc838]
[naudummy.com/muezzin/wp-json/oembed/1.0/embed37ce.json]
[naudummy.com/muezzin/team/nasira-sheikh/index.html]
[naudummy.com/muezzin/wp-json/oembed/1.0/embed9754]
[naudummy.com/muezzin/wp-json/oembed/1.0/embed108b.json]
[naudummy.com/muezzin/team/ramini-rom/index.html]
[naudummy.com/muezzin/wp-json/oembed/1.0/embed28f8]
[naudummy.com/muezzin/wp-json/wp/v2/posts/224.json]
[naudummy.com/muezzin/wp-json/oembed/1.0/embed6b9f.json]
[naudummy.com/muezzin/wp-json/oembed/1.0/embedc117]
[naudummy.com/muezzin/ulama-sermons-with-audio/index.html]
[naudummy.com/muezzin/2023/10/05/index.html]
[naudummy.com/muezzin/wp-json/wp/v2/posts/60.json]
[naudummy.com/muezzin/wp-json/oembed/1.0/embed4515.json]
[naudummy.com/muezzin/help-needed-for-poor/index.html]
[naudummy.com/muezzin/wp-content/uploads/elementor/css/post-103b050.css]
[naudummy.com/muezzin/indexe6f0.html]
[naudummy.com/muezzin/wp-json/oembed/1.0/embed6d22]
[naudummy.com/muezzin/wp-json/oembed/1.0/embed08e5.json]
[naudummy.com/muezzin/2023/08/03/index.html]
[naudummy.com/muezzin/wp-json/oembed/1.0/embedb73b]
[naudummy.com/muezzin/campaigns/houses-for-homeless/index.html]
[naudummy.com/muezzin/campaigns/houses-for-homeless/donate/index.html]
[naudummy.com/muezzin/wp-json/oembed/1.0/embed71a0.json]
[naudummy.com/muezzin/wp-json/oembed/1.0/embed8a4c]
[naudummy.com/muezzin/campaigns/give-shelter-homes/index.html]
[naudummy.com/muezzin/wp-json/oembed/1.0/embed69af.json]
[naudummy.com/muezzin/wp-json/oembed/1.0/embed7a6c]
[naudummy.com/muezzin/campaigns/nurture-low-resource/index.html]
[naudummy.com/muezzin/campaigns/give-shelter-homes/donate/index.html]
[naudummy.com/muezzin/wp-json/oembed/1.0/embed3cc3.json]
[naudummy.com/muezzin/campaigns/nurture-low-resource/donate/index.html]
[naudummy.com/muezzin/wp-json/oembed/1.0/embed05b2]
[naudummy.com/muezzin/campaigns/california-wildfire-fund/index.html]
[naudummy.com/muezzin/wp-json/oembed/1.0/embed3568.json]
[naudummy.com/muezzin/campaigns/california-wildfire-fund/donate/index.html]
[naudummy.com/muezzin/wp-json/oembed/1.0/embedad32]
[naudummy.com/muezzin/2020/01/15/index.html]
[naudummy.com/muezzin/wp-content/uploads/2020/01/blog-3-870x400.jpg]
[naudummy.com/muezzin/campaigns/health-care-support/index.html]
[naudummy.com/muezzin/wp-includes/css/dist/block-library/style.mind1c0.css]
[naudummy.com/muezzin/index1422.html]
[naudummy.com/muezzin/campaigns/index.html]
[naudummy.com/muezzin/campaigns/health-care-support/donate/index.html]
[naudummy.com/muezzin/wp-content/plugins/charitable/assets/images/charitable-loading.gif]
[naudummy.com/muezzin/wp-content/plugins/charitable/assets/js/libraries/accounting.mine964.js]
[naudummy.com/muezzin/wp-content/plugins/charitable/assets/js/charitable.mine964.js]
[naudummy.com/muezzin/wp-content/plugins/charitable/assets/js/charitable-forms.mine964.js]
[naudummy.com/muezzin/campaigns/educate-rural-kenya/donate/index.html]
[naudummy.com/muezzin/2020/01/16/index.html]
[naudummy.com/muezzin/author/ingenio/index.html]
[naudummy.com/muezzin/campaign_tag/campaigns/index.html]
[naudummy.com/muezzin/wp-json/wp/v2/users/1.json]
[naudummy.com/muezzin/campaign_tag/donation/index.html]
[naudummy.com/muezzin/author/ingenio/page/2/index.html]
[naudummy.com/muezzin/author/ingenio/page/3/index.html]
[naudummy.com/muezzin/campaign_tag/help/index.html]
[naudummy.com/muezzin/campaign_tag/campaigns/page/2/index.html]
[naudummy.com/muezzin/campaign_tag/campaigns/page/3/index.html]
[naudummy.com/muezzin/campaign_tag/donation/page/2/index.html]
[naudummy.com/muezzin/campaign_tag/donation/page/3/index.html]
[naudummy.com/muezzin/wp-json/oembed/1.0/embedc25e.json]
[naudummy.com/muezzin/campaign_tag/help/page/2/index.html]
[naudummy.com/muezzin/campaign_tag/help/page/3/index.html]
[naudummy.com/muezzin/wp-json/oembed/1.0/embedcc22]
[naudummy.com/muezzin/campaigns/free-food-for-poor/index.html]
[naudummy.com/muezzin/wp-content/uploads/elementor/css/post-79b9ed.css]
[naudummy.com/muezzin/index6ffe.html]
[naudummy.com/muezzin/campaigns/free-food-for-poor/donate/index.html]
[naudummy.com/muezzin/wp-json/oembed/1.0/embedeff7.json]
[naudummy.com/muezzin/2020/01/04/index.html]
[naudummy.com/muezzin/wp-json/oembed/1.0/embed0c0d]
[naudummy.com/muezzin/events/world-scholars-meetup/index.html]
[naudummy.com/muezzin/wp-json/oembed/1.0/embed55e9.json]
[naudummy.com/muezzin/wp-json/oembed/1.0/embed60ff]
[naudummy.com/muezzin/wp-content/uploads/2023/12/course-1-870x400.jpg]
[naudummy.com/muezzin/events/importance-of-namaz/index.html]
[naudummy.com/muezzin/wp-json/oembed/1.0/embedcea2.json]
[naudummy.com/muezzin/wp-json/oembed/1.0/embedc910]
[naudummy.com/muezzin/events/islamic-teachings/index.html]
[naudummy.com/muezzin/wp-json/oembed/1.0/embed70a2.json]
[naudummy.com/muezzin/wp-json/oembed/1.0/embed6b19]
[naudummy.com/muezzin/events/annual-conference-ost/index.html]
[naudummy.com/muezzin/wp-json/oembed/1.0/embedcd06.json]
[naudummy.com/muezzin/events/learn-islam-inside-out/index.html]
[naudummy.com/muezzin/wp-content/themes/taqwa/assets/js/themejs/downCount8a54.js]
[naudummy.com/muezzin/indexcfe0.html]
[naudummy.com/muezzin/wp-content/uploads/elementor/css/post-968a02.css]
[naudummy.com/muezzin/index6f72.html]
[naudummy.com/muezzin/wp-json/oembed/1.0/embed2b46]
[naudummy.com/muezzin/wp-json/oembed/1.0/embed3421.json]
[naudummy.com/muezzin/wp-json/oembed/1.0/embed277e]
[naudummy.com/muezzin/team/nasir-jamil/index.html]
[naudummy.com/muezzin/wp-json/oembed/1.0/embed73a4.json]
[naudummy.com/muezzin/team/ismail-hanam/index.html]
[naudummy.com/muezzin/wp-json/oembed/1.0/embed5499]
[naudummy.com/muezzin/wp-json/oembed/1.0/embed8396.json]
[naudummy.com/muezzin/team/sheikh-makdoom/index.html]
[naudummy.com/muezzin/indexc544.html]
[naudummy.com/muezzin/team/index.html]
[naudummy.com/muezzin/wp-content/uploads/elementor/css/post-962a9fa.css]
[naudummy.com/muezzin/indexd7e6.html]
[naudummy.com/muezzin/wp-content/uploads/elementor/css/post-3358ad2d.css]
[naudummy.com/muezzin/index0911.html]
[naudummy.com/muezzin/online-classes/Array.html]
[naudummy.com/muezzin/indexe4fa.html]
[naudummy.com/muezzin/wp-content/uploads/elementor/css/post-1081276.css]
[naudummy.com/muezzin/index460d.html]
[naudummy.com/muezzin/indexf454.html]
[naudummy.com/muezzin/services/index.html]
[naudummy.com/muezzin/wp-content/uploads/elementor/css/post-5252ef.css]
[naudummy.com/muezzin/index4579.html]
[naudummy.com/muezzin/index8054.html]
[naudummy.com/muezzin/wp-json/oembed/1.0/embedaad8]
[naudummy.com/muezzin/category/services/index.html]
[naudummy.com/muezzin/index8c34.html]
[naudummy.com/muezzin/2023/03/02/index.html]
[naudummy.com/muezzin/wp-json/wp/v2/categories/20.json]
[naudummy.com/muezzin/2023/index.html]
[naudummy.com/muezzin/tag/hajj/page/2/index.html]
[naudummy.com/muezzin/tag/hajj/index.html]
[naudummy.com/muezzin/wp-json/wp/v2/tags/21.json]
[naudummy.com/muezzin/2023/03/index.html]
[naudummy.com/muezzin/wp-json/wp/v2/tags/22.json]
[naudummy.com/muezzin/tag/islam/index.html]
[naudummy.com/muezzin/tag/hajj/page/3/index.html]
[naudummy.com/muezzin/wp-json/wp/v2/tags/26.json]
[naudummy.com/muezzin/tag/zakat/index.html]
[naudummy.com/muezzin/wp-content/uploads/elementor/css/post-211235a5.css]
[naudummy.com/muezzin/index019f.html]
[naudummy.com/muezzin/wp-content/uploads/elementor/css/post-341635a5.css]
[naudummy.com/muezzin/index1ccd.html]
[naudummy.com/muezzin/salat-timings/Array.html]
[naudummy.com/muezzin/wp-content/uploads/elementor/css/post-12821dc.css]
[naudummy.com/muezzin/index913e.html]
[naudummy.com/muezzin/islamic-teachings/Download PDF.html]
[naudummy.com/muezzin/category/blog-list/page/2/index.html]
[naudummy.com/muezzin/tag/zakat/page/2/index.html]
[naudummy.com/muezzin/2023/10/10/index.html]
[naudummy.com/muezzin/tag/zakat/page/3/index.html]
[naudummy.com/muezzin/quran-and-islamic-teachings/index.html]
[naudummy.com/muezzin/needed-help-for-poor/index.html]
[naudummy.com/muezzin/2023/09/08/index.html]
[naudummy.com/muezzin/2023/08/06/index.html]
[naudummy.com/muezzin/2020/01/01/index.html]
[naudummy.com/muezzin/wp-content/uploads/elementor/css/post-1151289.css]
[naudummy.com/muezzin/index0a10.html]
[naudummy.com/muezzin/index88b9.html]
[naudummy.com/muezzin/index970c.html]
[naudummy.com/muezzin/index2cf9.html]
[naudummy.com/muezzin/index40a0.html]
[naudummy.com/muezzin/index7ef4.html]
[naudummy.com/muezzin/2023/10/index.html]
[naudummy.com/muezzin/wp-json/wp/v2/tags/23.json]
[naudummy.com/muezzin/tag/namaz/index.html]
[naudummy.com/muezzin/2023/09/index.html]
[naudummy.com/muezzin/2023/08/index.html]
[naudummy.com/muezzin/tag/namaz/page/2/index.html]
[naudummy.com/muezzin/tag/namaz/page/3/index.html]
[naudummy.com/muezzin/wp-json/wp/v2/tags/24.json]
[naudummy.com/muezzin/tag/roza/index.html]
[naudummy.com/muezzin/index8cd4.html]
[naudummy.com/muezzin/tag/roza/page/2/index.html]
[naudummy.com/muezzin/wp-json/wp/v2/tags/25.json]
[naudummy.com/muezzin/tag/tauheed/index.html]
[naudummy.com/muezzin/indexfa80.html]
[naudummy.com/muezzin/index616a.html]
[naudummy.com/muezzin/Version/index.html]
[naudummy.com/muezzin/tag/roza/page/3/index.html]
[naudummy.com/muezzin/wp-json/wp/v2/pages/12.json]
[naudummy.com/muezzin/wp-json/oembed/1.0/embeda402.json]
[naudummy.com/muezzin/wp-json/oembed/1.0/embed001c]
[naudummy.com/muezzin/events/search-geo.png]
[naudummy.com/muezzin/events/search-geo-on.png]
[naudummy.com/muezzin/events/search-geo-off.png]
[naudummy.com/muezzin/events/index.html]
[naudummy.com/muezzin/t.params.html]
[naudummy.com/muezzin/wp-json/wp/v2/pages/15.json]
[naudummy.com/muezzin/events/modern-islam-challenges/index.html]
[naudummy.com/muezzin/wp-json/oembed/1.0/embed0f9b.json]
[naudummy.com/muezzin/events/tags/index.html]
[naudummy.com/muezzin/popper.html]
[naudummy.com/muezzin/wp-json/oembed/1.0/embedec79]
[naudummy.com/muezzin/-negative.html]
[naudummy.com/muezzin/OPR/index.html]
[naudummy.com/muezzin/indexa853.html]
[naudummy.com/muezzin/indexef92.html]
[naudummy.com/muezzin/index52e8.html]
[naudummy.com/muezzin/indexec1b.html]
[naudummy.com/muezzin/index57e7.html]
[naudummy.com/muezzin/indexc9bf.html]
[naudummy.com/muezzin/index0c93.html]
[naudummy.com/muezzin/indexc902.html]
[naudummy.com/muezzin/2023/10/05/index.html]
[naudummy.com/muezzin/index0721.html]
[naudummy.com/muezzin/2023/08/03/index.html]
[naudummy.com/muezzin/indexe2aa.html]
[naudummy.com/muezzin/campaigns/houses-for-homeless/donate/index.html]
[naudummy.com/muezzin/index89a1.html]
[naudummy.com/muezzin/campaigns/give-shelter-homes/donate/index.html]
[naudummy.com/muezzin/index2af5.html]
[naudummy.com/muezzin/campaigns/nurture-low-resource/donate/index.html]
[naudummy.com/muezzin/index07ee.html]
[naudummy.com/muezzin/campaigns/california-wildfire-fund/donate/index.html]
[naudummy.com/muezzin/2020/01/15/index.html]
[naudummy.com/muezzin/index3e8e.html]
[naudummy.com/muezzin/campaigns/health-care-support/donate/index.html]
[naudummy.com/muezzin/wp-content/plugins/charitable/assets/js/libraries/accounting.mine964.js]
[naudummy.com/muezzin/wp-content/plugins/charitable/assets/js/charitable.mine964.js]
[naudummy.com/muezzin/wp-content/plugins/charitable/assets/js/charitable-forms.mine964.js]
[naudummy.com/muezzin/author/ingenio/page/2/index.html]
[naudummy.com/muezzin/author/ingenio/page/3/index.html]
[naudummy.com/muezzin/campaign_tag/campaigns/page/2/index.html]
[naudummy.com/muezzin/campaign_tag/campaigns/page/3/index.html]
[naudummy.com/muezzin/events/tags/events/index.html]
[naudummy.com/muezzin/events/tags/islam/index.html]
[naudummy.com/muezzin/events/tags/namaz/index.html]
[naudummy.com/muezzin/campaign_tag/donation/page/2/index.html]
[naudummy.com/muezzin/campaign_tag/donation/page/3/index.html]
[naudummy.com/muezzin/campaign_tag/help/page/2/index.html]
[naudummy.com/muezzin/campaign_tag/help/page/3/index.html]
[naudummy.com/muezzin/index4837.html]
[naudummy.com/muezzin/campaigns/free-food-for-poor/donate/index.html]
[naudummy.com/muezzin/2020/01/04/index.html]
[naudummy.com/muezzin/campaigns/education-program/index.html]
[naudummy.com/muezzin/index1639.html]
[naudummy.com/muezzin/index5d38.html]
[naudummy.com/muezzin/indexeffd.html]
[naudummy.com/muezzin/index8a71.html]
[naudummy.com/muezzin/index03e1.html]
[naudummy.com/muezzin/index6233.html]
[naudummy.com/muezzin/index8e1b.html]
[naudummy.com/muezzin/index5ed0.html]
[naudummy.com/muezzin/2023/index.html]
[naudummy.com/muezzin/campaigns/drinking-water-for-all/index.html]
[naudummy.com/muezzin/2023/03/index.html]
[naudummy.com/muezzin/tag/hajj/page/2/index.html]
[naudummy.com/muezzin/tag/hajj/page/3/index.html]
[naudummy.com/muezzin/tag/zakat/page/2/index.html]
[naudummy.com/muezzin/tag/zakat/page/3/index.html]
[naudummy.com/muezzin/2020/index.html]
[naudummy.com/muezzin/2020/01/index.html]
[naudummy.com/muezzin/2023/page/2/index.html]
[naudummy.com/muezzin/wp-json/wp/v2/posts/66.json]
[naudummy.com/muezzin/wp-json/oembed/1.0/embed8b43.json]
[naudummy.com/muezzin/wp-json/oembed/1.0/embed726d]
[naudummy.com/muezzin/quran-and-islamic-teachings/index.html]
[naudummy.com/muezzin/wp-json/wp/v2/posts/227.json]
[naudummy.com/muezzin/wp-json/oembed/1.0/embed34d8.json]
[naudummy.com/muezzin/needed-help-for-poor/index.html]
[naudummy.com/muezzin/wp-json/oembed/1.0/embed4ad2]
[naudummy.com/muezzin/2020/01/01/index.html]
[naudummy.com/muezzin/2023/10/index.html]
[naudummy.com/muezzin/2023/09/index.html]
[naudummy.com/muezzin/2023/08/index.html]
[naudummy.com/muezzin/tag/namaz/page/2/index.html]
[naudummy.com/muezzin/tag/namaz/page/3/index.html]
[naudummy.com/muezzin/tag/roza/page/2/index.html]
[naudummy.com/muezzin/tag/roza/page/3/index.html]
[naudummy.com/muezzin/index678b.html]
[naudummy.com/muezzin/events/search-geo.html]
[naudummy.com/muezzin/events/search-geo-on.html]
[naudummy.com/muezzin/events/search-geo-off.html]
[naudummy.com/muezzin/wp-json/oembed/1.0/embed5c4a.json]
[naudummy.com/muezzin/wp-json/oembed/1.0/embeda431]
[naudummy.com/muezzin/events/modern-islam-challenges/index.html]
[naudummy.com/muezzin/indexa1ca.html]
[naudummy.com/muezzin/events/tags/events/index.html]
[naudummy.com/muezzin/events/tags/islam/index.html]
[naudummy.com/muezzin/events/tags/namaz/index.html]
[naudummy.com/muezzin/wp-json/oembed/1.0/embed346c.json]
[naudummy.com/muezzin/wp-json/oembed/1.0/embeda547]
[naudummy.com/muezzin/campaigns/education-program/index.html]
[naudummy.com/muezzin/wp-json/oembed/1.0/embed8627.json]
[naudummy.com/muezzin/campaigns/education-program/donate/index.html]
[naudummy.com/muezzin/wp-json/oembed/1.0/embedbfa3]
[naudummy.com/muezzin/campaigns/drinking-water-for-all/index.html]
[naudummy.com/muezzin/2020/index.html]
[naudummy.com/muezzin/2020/01/index.html]
[naudummy.com/muezzin/2023/page/2/index.html]
[naudummy.com/muezzin/index4f61.html]
[naudummy.com/muezzin/index9a88.html]
[naudummy.com/muezzin/index3fbb.html]
[naudummy.com/muezzin/index0d0b.html]
[naudummy.com/muezzin/campaigns/education-program/donate/index.html]
[naudummy.com/muezzin/index5c90.html]
[naudummy.com/muezzin/campaigns/drinking-water-for-all/donate/index.html]
[naudummy.com/muezzin/campaigns/drinking-water-for-all/donate/index.html]
